d:\\projects\\sandag\\series13\\2010\\gisdk\\sandag_abm_master.rsc
d:\\projects\\sandag\\series13\\2010\\gisdk\\parameter.rsc
d:\\projects\\sandag\\series13\\2010\\gisdk\\SandagCommon.rsc
d:\\projects\\sandag\\series13\\2010\gisdk\\createhwynet.rsc  
d:\\projects\\sandag\\series13\\2010\\gisdk\\hwyassign.rsc  
d:\\projects\\sandag\\series13\\2010\\gisdk\\hwyskim.rsc
d:\\projects\\sandag\\series13\\2010\\gisdk\\createtrnroutes.rsc 
d:\\projects\\sandag\\series13\\2010\\gisdk\\trnskim.rsc 
d:\\projects\\sandag\\series13\\2010\\gisdk\\trnassign.rsc
d:\\projects\\sandag\\series13\\2010\\gisdk\\commVehGen.rsc 
d:\\projects\\sandag\\series13\\2010\\gisdk\\commVehDist.rsc 
d:\\projects\\sandag\\series13\\2010\\gisdk\\commVehTOD.rsc 
d:\\projects\\sandag\\series13\\2010\\gisdk\\createtodtables_final.rsc 
d:\\projects\\sandag\\series13\\2010\\gisdk\\externalInternal.rsc   
d:\\projects\\sandag\\series13\\2010\\gisdk\\TruckModel.rsc 
d:\\projects\\sandag\\series13\\2010\\gisdk\\create_LUZ_Skims.rsc 
