t:\\projects\\sr13\\sdf_projevl\\complete\\gisdk\\dbox.rsc
t:\\projects\\sr13\\sdf_projevl\\complete\\gisdk\\sandag_abm_master.rsc
t:\\projects\\sr13\\sdf_projevl\\complete\\gisdk\\parameter.rsc
t:\\projects\\sr13\\sdf_projevl\\complete\\gisdk\\SandagCommon.rsc
t:\\projects\\sr13\\sdf_projevl\\complete\\gisdk\\createhwynet.rsc  
t:\\projects\\sr13\\sdf_projevl\\complete\\gisdk\\hwyassign.rsc  
t:\\projects\\sr13\\sdf_projevl\\complete\\gisdk\\hwyskim.rsc
t:\\projects\\sr13\\sdf_projevl\\complete\\gisdk\\createtrnroutes.rsc 
t:\\projects\\sr13\\sdf_projevl\\complete\\gisdk\\trnskim.rsc 
t:\\projects\\sr13\\sdf_projevl\\complete\\gisdk\\trnassign.rsc
t:\\projects\\sr13\\sdf_projevl\\complete\\gisdk\\commVehGen.rsc 
t:\\projects\\sr13\\sdf_projevl\\complete\\gisdk\\commVehDist.rsc 
t:\\projects\\sr13\\sdf_projevl\\complete\\gisdk\\commVehTOD.rsc
t:\\projects\\sr13\\sdf_projevl\\complete\\gisdk\\commVehDiversion.rsc  
t:\\projects\\sr13\\sdf_projevl\\complete\\gisdk\\createtodtables.rsc 
t:\\projects\\sr13\\sdf_projevl\\complete\\gisdk\\externalInternal.rsc   
t:\\projects\\sr13\\sdf_projevl\\complete\\gisdk\\TruckModel.rsc 
t:\\projects\\sr13\\sdf_projevl\\complete\\gisdk\\create_LUZ_Skims.rsc 
t:\\projects\\sr13\\sdf_projevl\\complete\\gisdk\\sandag_abm_outputs.rsc 
t:\\projects\\sr13\\sdf_projevl\\complete\\gisdk\\exportTCData.rsc 
t:\\projects\\sr13\\sdf_projevl\\complete\\gisdk\\Utilities.rsc 
