T:\\projects\\sr13\\version13_4_0\\2014\\gisdk\\dbox.rsc
T:\\projects\\sr13\\version13_4_0\\2014\\gisdk\\gui.rsc
T:\\projects\\sr13\\version13_4_0\\2014\\gisdk\\sandag_abm_master.rsc
T:\\projects\\sr13\\version13_4_0\\2014\\gisdk\\parameter.rsc
T:\\projects\\sr13\\version13_4_0\\2014\\gisdk\\SandagCommon.rsc
T:\\projects\\sr13\\version13_4_0\\2014\\gisdk\\createhwynet.rsc  
T:\\projects\\sr13\\version13_4_0\\2014\\gisdk\\hwyassign.rsc  
T:\\projects\\sr13\\version13_4_0\\2014\\gisdk\\hwyskim.rsc
T:\\projects\\sr13\\version13_4_0\\2014\\gisdk\\createtrnroutes.rsc 
T:\\projects\\sr13\\version13_4_0\\2014\\gisdk\\trnskim.rsc 
T:\\projects\\sr13\\version13_4_0\\2014\\gisdk\\trnassign.rsc
T:\\projects\\sr13\\version13_4_0\\2014\\gisdk\\commVehGen.rsc 
T:\\projects\\sr13\\version13_4_0\\2014\\gisdk\\commVehDist.rsc 
T:\\projects\\sr13\\version13_4_0\\2014\\gisdk\\commVehTOD.rsc
T:\\projects\\sr13\\version13_4_0\\2014\\gisdk\\commVehDiversion.rsc  
T:\\projects\\sr13\\version13_4_0\\2014\\gisdk\\createtodtables.rsc 
T:\\projects\\sr13\\version13_4_0\\2014\\gisdk\\externalInternal.rsc   
T:\\projects\\sr13\\version13_4_0\\2014\\gisdk\\TruckModel.rsc 
T:\\projects\\sr13\\version13_4_0\\2014\\gisdk\\create_LUZ_Skims.rsc 
T:\\projects\\sr13\\version13_4_0\\2014\\gisdk\\sandag_abm_outputs.rsc 
T:\\projects\\sr13\\version13_4_0\\2014\\gisdk\\exportTCData.rsc 
T:\\projects\\sr13\\version13_4_0\\2014\\gisdk\\Utilities.rsc
T:\\projects\\sr13\\version13_4_0\\2014\\gisdk\\matrixPrecisionReduction.rsc 
T:\\projects\\sr13\\version13_4_0\\2014\\gisdk\\hwyskimCheck.rsc